---
source: tests/fail_matrix/composition.rs
expression: leaves
---
[
    [
        1,
        0,
        0,
        0,
        0,
        0,
        0,
        0,
    ],
    [
        0,
        0,
        0,
        0,
        0,
        0,
        0,
        0,
    ],
    [
        0,
        0,
        0,
        0,
        0,
        0,
        0,
        0,
    ],
    [
        0,
        0,
        0,
        0,
        0,
        0,
        0,
        0,
    ],
    [
        0,
        0,
        0,
        0,
        0,
        0,
        0,
        0,
    ],
    [
        0,
        0,
        0,
        0,
        0,
        0,
        0,
        0,
    ],
    [
        0,
        0,
        0,
        0,
        0,
        0,
        0,
        0,
    ],
    [
        0,
        0,
        0,
        0,
        0,
        0,
        0,
        0,
    ],
    [
        0,
        0,
        0,
        0,
        0,
        0,
        0,
        0,
    ],
    [
        0,
        0,
        0,
        0,
        0,
        0,
        0,
        0,
    ],
    [
        0,
        0,
        0,
        0,
        0,
        0,
        0,
        0,
    ],
    [
        0,
        0,
        0,
        0,
        0,
        0,
        0,
        0,
    ],
    [
        0,
        0,
        0,
        0,
        0,
        0,
        0,
        0,
    ],
    [
        0,
        0,
        0,
        0,
        0,
        0,
        0,
        0,
    ],
    [
        0,
        0,
        0,
        0,
        0,
        0,
        0,
        0,
    ],
    [
        0,
        0,
        0,
        0,
        0,
        0,
        0,
        0,
    ],
    [
        0,
        0,
        0,
        0,
        0,
        0,
        0,
        0,
    ],
    [
        0,
        0,
        0,
        0,
        0,
        0,
        0,
        0,
    ],
    [
        0,
        0,
        0,
        0,
        0,
        0,
        0,
        0,
    ],
    [
        0,
        0,
        0,
        0,
        0,
        0,
        0,
        0,
    ],
    [
        0,
        0,
        0,
        0,
        0,
        0,
        0,
        0,
    ],
    [
        0,
        0,
        0,
        0,
        0,
        0,
        0,
        0,
    ],
    [
        0,
        0,
        0,
        0,
        0,
        0,
        0,
        0,
    ],
    [
        0,
        0,
        0,
        0,
        0,
        0,
        0,
        0,
    ],
    [
        0,
        0,
        0,
        0,
        0,
        0,
        0,
        0,
    ],
    [
        0,
        0,
        0,
        0,
        0,
        0,
        0,
        0,
    ],
    [
        0,
        0,
        0,
        0,
        0,
        0,
        0,
        0,
    ],
    [
        0,
        0,
        0,
        0,
        0,
        0,
        0,
        0,
    ],
    [
        0,
        0,
        0,
        0,
        0,
        0,
        0,
        0,
    ],
    [
        0,
        0,
        0,
        0,
        0,
        0,
        0,
        0,
    ],
    [
        0,
        0,
        0,
        0,
        0,
        0,
        0,
        0,
    ],
    [
        0,
        0,
        0,
        0,
        0,
        0,
        0,
        0,
    ],
    [
        0,
        0,
        0,
        0,
        0,
        0,
        0,
        0,
    ],
    [
        0,
        0,
        0,
        0,
        0,
        0,
        0,
        0,
    ],
    [
        0,
        0,
        0,
        0,
        0,
        0,
        0,
        0,
    ],
    [
        0,
        0,
        0,
        0,
        0,
        0,
        0,
        0,
    ],
    [
        0,
        0,
        0,
        0,
        0,
        0,
        0,
        0,
    ],
    [
        0,
        0,
        0,
        0,
        0,
        0,
        0,
        0,
    ],
    [
        0,
        0,
        0,
        0,
        0,
        0,
        0,
        0,
    ],
    [
        0,
        0,
        0,
        0,
        0,
        0,
        0,
        0,
    ],
    [
        0,
        0,
        0,
        0,
        0,
        0,
        0,
        0,
    ],
    [
        0,
        0,
        0,
        0,
        0,
        0,
        0,
        0,
    ],
    [
        0,
        0,
        0,
        0,
        0,
        0,
        0,
        0,
    ],
    [
        0,
        0,
        0,
        0,
        0,
        0,
        0,
        0,
    ],
    [
        0,
        0,
        0,
        0,
        0,
        0,
        0,
        0,
    ],
    [
        0,
        0,
        0,
        0,
        0,
        0,
        0,
        0,
    ],
    [
        0,
        0,
        0,
        0,
        0,
        0,
        0,
        0,
    ],
    [
        0,
        0,
        0,
        0,
        0,
        0,
        0,
        0,
    ],
    [
        0,
        0,
        0,
        0,
        0,
        0,
        0,
        0,
    ],
    [
        0,
        0,
        0,
        0,
        0,
        0,
        0,
        0,
    ],
    [
        0,
        0,
        0,
        0,
        0,
        0,
        0,
        0,
    ],
    [
        0,
        0,
        0,
        0,
        0,
        0,
        0,
        0,
    ],
    [
        0,
        0,
        0,
        0,
        0,
        0,
        0,
        0,
    ],
    [
        0,
        0,
        0,
        0,
        0,
        0,
        0,
        0,
    ],
    [
        0,
        0,
        0,
        0,
        0,
        0,
        0,
        0,
    ],
    [
        0,
        0,
        0,
        0,
        0,
        0,
        0,
        0,
    ],
    [
        0,
        0,
        0,
        0,
        0,
        0,
        0,
        0,
    ],
    [
        0,
        0,
        0,
        0,
        0,
        0,
        0,
        0,
    ],
    [
        0,
        0,
        0,
        0,
        0,
        0,
        0,
        0,
    ],
    [
        0,
        0,
        0,
        0,
        0,
        0,
        0,
        0,
    ],
    [
        0,
        0,
        0,
        0,
        0,
        0,
        0,
        0,
    ],
    [
        0,
        0,
        0,
        0,
        0,
        0,
        0,
        0,
    ],
    [
        0,
        0,
        0,
        0,
        0,
        0,
        0,
        0,
    ],
    [
        0,
        0,
        0,
        0,
        0,
        0,
        0,
        0,
    ],
]
