---
source: tests/fail_matrix/ood.rs
expression: ood_openings
---
[
    OutOfDomainOpening {
        point: [
            160,
            198,
            58,
            253,
            32,
            116,
            106,
            128,
            115,
            59,
            175,
            16,
            207,
            180,
            7,
            175,
            46,
            4,
            171,
            86,
            17,
            68,
            7,
            28,
            94,
            151,
            91,
            255,
            192,
            190,
            51,
            233,
        ],
        core_values: [
            [
                138,
                100,
                3,
                196,
                97,
                71,
                128,
                154,
                0,
                0,
                0,
                0,
                0,
                0,
                0,
                0,
                0,
                0,
                0,
                0,
                0,
                0,
                0,
                0,
                0,
                0,
                0,
                0,
                0,
                0,
                0,
                0,
            ],
        ],
        aux_values: [],
        composition_value: [
            182,
            96,
            64,
            70,
            123,
            32,
            20,
            83,
            0,
            0,
            0,
            0,
            0,
            0,
            0,
            0,
            0,
            0,
            0,
            0,
            0,
            0,
            0,
            0,
            0,
            0,
            0,
            0,
            0,
            0,
            0,
            0,
        ],
    },
    OutOfDomainOpening {
        point: [
            223,
            254,
            243,
            50,
            180,
            148,
            190,
            52,
            249,
            16,
            229,
            221,
            146,
            134,
            20,
            68,
            73,
            67,
            14,
            49,
            123,
            51,
            126,
            253,
            203,
            118,
            100,
            47,
            22,
            73,
            133,
            193,
        ],
        core_values: [
            [
                202,
                194,
                216,
                38,
                56,
                199,
                245,
                123,
                0,
                0,
                0,
                0,
                0,
                0,
                0,
                0,
                0,
                0,
                0,
                0,
                0,
                0,
                0,
                0,
                0,
                0,
                0,
                0,
                0,
                0,
                0,
                0,
            ],
        ],
        aux_values: [],
        composition_value: [
            100,
            149,
            221,
            133,
            60,
            50,
            12,
            17,
            0,
            0,
            0,
            0,
            0,
            0,
            0,
            0,
            0,
            0,
            0,
            0,
            0,
            0,
            0,
            0,
            0,
            0,
            0,
            0,
            0,
            0,
            0,
            0,
        ],
    },
]
